// Jest Snapshot v1, https://goo.gl/fbAQLP

exports[`Test case for Header layout should render initial layout 1`] = `
Array [
  <div
    className="Header"
  >
    <ul>
      <a
        href="/"
      >
        <img
          alt="logo"
          className="Logo"
          src="logo.png"
        />
      </a>
      <li>
        <a
          href="/sign-up"
        >
          Sign Up
        </a>
      </li>
      <li>
        <a
          href="/sign-in"
        >
          Sign In
        </a>
      </li>
    </ul>
  </div>,
]
`;
